getInteger
Test1
Test2
getInteger
Test3 39 40
main
<init>
