run 97
main 4
test
<init>
<init> 3 5 7 13 33 36 44
isEmpty
choosePowers 3 6 14 38 40
chooseLevel 3 5 15 38 41
search 6 12 25 28 31 39 47 56 64 78 87
insert 5 9 12 14 24 30 36 78 82 91 95 104 109 118 123 126 131 137 142 149 152 156 164 172 179 184 191
